Microchip MPLAB XC8 Compiler V2.32

Linker command line:

-W-3 --edf=C:\Program Files\Microchip\xc8\v2.32\pic\dat\en_msgs.txt -cn \
  -h+dist/default/production\BAI_3.X.production.sym \
  --cmf=dist/default/production\BAI_3.X.production.cmf -z -Q16F887 \
  -oC:\Users\ssc002\AppData\Local\Temp\xcAsbm8.6 --defsym=__MPLAB_BUILD=1 \
  -Mdist/default/production/BAI_3.X.production.map -E1 -ver=XC8 Compiler \
  --acfsm=1493 -ASTACK=0110h-016Fh -pstack=STACK -ACODE=00h-07FFhx4 \
  -ASTRCODE=00h-01FFFh -ASTRING=00h-0FFhx32 -ACONST=00h-0FFhx32 \
  -AENTRY=00h-0FFhx32 -ACOMMON=070h-07Fh -ABANK0=020h-06Fh \
  -ABANK1=0A0h-0EFh -ABANK2=0110h-016Fh -ABANK3=0190h-01EFh \
  -ARAM=020h-06Fh,0A0h-0EFh,0110h-016Fh,0190h-01EFh \
  -AABS1=020h-07Fh,0A0h-0EFh,0110h-016Fh,0190h-01EFh -ASFR0=00h-01Fh \
  -ASFR1=080h-09Fh -ASFR2=0100h-010Fh -ASFR3=0180h-018Fh \
  -ACONFIG=02007h-02008h -DCONFIG=2 -AIDLOC=02000h-02003h -DIDLOC=2 \
  -AEEDATA=00h-0FFh/02100h -peeprom_data=EEDATA -DEEDATA=2 -DCODE=2 \
  -DSTRCODE=2 -DSTRING=2 -DCONST=2 -DENTRY=2 \
  -preset_vec=00h,intentry,init,end_init -ppowerup=CODE -pcinit=CODE \
  -pfunctab=ENTRY -k C:\Users\ssc002\AppData\Local\Temp\xcAsbm8.o \
  dist/default/production\BAI_3.X.production.o 

Object code version is 3.11

Machine type is 16F887



                Name                               Link     Load   Length Selector   Space Scale
C:\Users\ssc002\AppData\Local\Temp\xcAsbm8.o
                end_init                              0        0        3        0       0
                config                             2007     2007        2        0       4
dist/default/production\BAI_3.X.production.o
                cinit                               7FC      7FC        4      FF8       0
                config                             2007     2007        2        0       4
                text5                               6EE      6EE       44      DDC       0
                text4                               6B4      6B4       3A      D68       0
                text3                               65C      65C       26      CB8       0
                text2                               793      793       69      F26       0
                text1                               732      732       61      E64       0
                maintext                            682      682       32      D04       0
                cstackBANK0                          20       20        A       20       1
                cstackCOMMON                         70       70        A       70       1

TOTAL           Name                               Link     Load   Length     Space
        CLASS   STACK          

        CLASS   CODE           
                end_init                              0        0        3         0
                cinit                               7FC      7FC        4         0
                text5                               6EE      6EE       44         0
                text4                               6B4      6B4       3A         0
                text3                               65C      65C       26         0
                text2                               793      793       69         0
                text1                               732      732       61         0
                maintext                            682      682       32         0

        CLASS   STRCODE        

        CLASS   STRING         

        CLASS   CONST          

        CLASS   ENTRY          

        CLASS   COMMON         
                cstackCOMMON                         70       70        A         1

        CLASS   BANK0          
                cstackBANK0                          20       20        A         1

        CLASS   BANK1          

        CLASS   BANK2          

        CLASS   BANK3          

        CLASS   RAM            

        CLASS   ABS1           
                abs_s1                               7E       7E        2         1

        CLASS   SFR0           

        CLASS   SFR1           

        CLASS   SFR2           

        CLASS   SFR3           

        CLASS   CONFIG         
                config                             2007     2007        2         4

        CLASS   IDLOC          

        CLASS   EEDATA         



SEGMENTS        Name                           Load    Length   Top    Selector   Space  Class     Delta

                reset_vec                      000000  000003  000003         0       0  CODE        2
                cstackBANK0                    000020  00000A  00002A        20       1  BANK0       1
                cstackCOMMON                   000070  00000A  00007A        70       1  COMMON      1
                text3                          00065C  000026  000682       CB8       0  CODE        2
                maintext                       000682  000032  0006B4       D04       0  CODE        2
                text4                          0006B4  00003A  0006EE       D68       0  CODE        2
                text5                          0006EE  000044  000732       DDC       0  CODE        2
                text1                          000732  000061  000793       E64       0  CODE        2
                text2                          000793  000069  0007FC       F26       0  CODE        2
                cinit                          0007FC  000004  000800       FF8       0  CODE        2


UNUSED ADDRESS RANGES

        Name                Unused          Largest block    Delta
        BANK0            002A-006F             46           1
        BANK1            00A0-00EF             50           1
        BANK2            0110-016F             60           1
        BANK3            0190-01EF             60           1
        CODE             0003-065B            659           2
                         0800-1FFF            800
        COMMON           007A-007D              4           1
        CONST            0003-065B            100           2
                         0800-1FFF            100
        EEDATA           2100-21FF            100           2
        ENTRY            0003-065B            100           2
                         0800-1FFF            100
        IDLOC            2000-2003              4           2
        RAM              002A-006F             46           1
                         00A0-00EF             50
                         0110-016F             60
                         0190-01EF             60
        SFR0             0000-001F             20           1
        SFR1             0080-009F             20           1
        SFR2             0100-010F             10           1
        SFR3             0180-018F             10           1
        STACK            0110-016F             60           1
        STRCODE          0003-065B            659           2
                         0800-1FFF           1800
        STRING           0003-065B            100           2
                         0800-1FFF            100

                                  Symbol Table

?___lwdiv                cstackCOMMON 0070
?___lwmod                cstackCOMMON 0070
DEMLEN60@CH              cstackBANK0  0024
DEMLEN60@DV              cstackBANK0  0026
DEMLEN60@num             cstackBANK0  0020
DEMLEN60@temp            cstackBANK0  0022
DEMLEN60@up              cstackBANK0  0028
DEMXUONG00@CH            cstackBANK0  0022
DEMXUONG00@DV            cstackBANK0  0024
DEMXUONG00@num           cstackBANK0  0026
DEMXUONG00@temp          cstackBANK0  0020
_ANSEL                   (abs)        0188
_ANSELH                  (abs)        0189
_DEMLEN60                text2        0793
_DEMXUONG00              text1        0732
_GIE                     (abs)        005F
_PEIE                    (abs)        005E
_PORTD                   (abs)        0008
_RB0                     (abs)        0030
_RB1                     (abs)        0031
_T1CKPS0                 (abs)        0084
_T1CKPS1                 (abs)        0085
_TMR1CS                  (abs)        0081
_TMR1H                   (abs)        000F
_TMR1IE                  (abs)        0460
_TMR1IF                  (abs)        0060
_TMR1L                   (abs)        000E
_TMR1ON                  (abs)        0080
_TRISB                   (abs)        0086
_TRISD                   (abs)        0088
_WPUB                    (abs)        0095
__Habs1                  abs1         0000
__Hbank0                 bank0        0000
__Hbank1                 bank1        0000
__Hbank2                 bank2        0000
__Hbank3                 bank3        0000
__Hcinit                 cinit        0800
__Hclrtext               clrtext      0000
__Hcode                  code         0000
__Hcommon                common       0000
__Hconfig                config       2009
__HcstackBANK0           cstackBANK0  0000
__HcstackCOMMON          cstackCOMMON 0000
__Heeprom_data           eeprom_data  0000
__Hend_init              end_init     0003
__Hfunctab               functab      0000
__Hinit                  init         0000
__Hintentry              intentry     0000
__Hmaintext              maintext     0000
__Hpowerup               powerup      0000
__Hram                   ram          0000
__Hreset_vec             reset_vec    0000
__Hsfr0                  sfr0         0000
__Hsfr1                  sfr1         0000
__Hsfr2                  sfr2         0000
__Hsfr3                  sfr3         0000
__Hspace_0               (abs)        0800
__Hspace_1               (abs)        007A
__Hspace_2               (abs)        0000
__Hspace_3               (abs)        0000
__Hspace_4               (abs)        4010
__Hstack                 stack        0000
__Hstrings               strings      0000
__Htext                  text         0000
__Labs1                  abs1         0000
__Lbank0                 bank0        0000
__Lbank1                 bank1        0000
__Lbank2                 bank2        0000
__Lbank3                 bank3        0000
__Lcinit                 cinit        07FC
__Lclrtext               clrtext      0000
__Lcode                  code         0000
__Lcommon                common       0000
__Lconfig                config       0000
__LcstackBANK0           cstackBANK0  0000
__LcstackCOMMON          cstackCOMMON 0000
__Leeprom_data           eeprom_data  0000
__Lend_init              end_init     0000
__Lfunctab               functab      0000
__Linit                  init         0000
__Lintentry              intentry     0000
__Lmaintext              maintext     0000
__Lpowerup               powerup      0000
__Lram                   ram          0000
__Lreset_vec             reset_vec    0000
__Lsfr0                  sfr0         0000
__Lsfr1                  sfr1         0000
__Lsfr2                  sfr2         0000
__Lsfr3                  sfr3         0000
__Lspace_0               (abs)        0000
__Lspace_1               (abs)        0000
__Lspace_2               (abs)        0000
__Lspace_3               (abs)        0000
__Lspace_4               (abs)        0000
__Lstack                 stack        0000
__Lstrings               strings      0000
__Ltext                  text         0000
__S0                     (abs)        0800
__S1                     (abs)        007A
__S2                     (abs)        0000
__S3                     (abs)        0000
___int_sp                stack        0000
___latbits               (abs)        0002
___lwdiv                 text5        06EE
___lwdiv@counter         cstackCOMMON 0077
___lwdiv@dividend        cstackCOMMON 0072
___lwdiv@divisor         cstackCOMMON 0070
___lwdiv@quotient        cstackCOMMON 0075
___lwmod                 text4        06B4
___lwmod@counter         cstackCOMMON 0075
___lwmod@dividend        cstackCOMMON 0072
___lwmod@divisor         cstackCOMMON 0070
___sp                    stack        0000
___stackhi               (abs)        0000
___stacklo               (abs)        0000
__end_of_DEMLEN60        text2        07FC
__end_of_DEMXUONG00      text1        0793
__end_of___lwdiv         text5        0732
__end_of___lwmod         text4        06EE
__end_of__initialization cinit        07FC
__end_of_delay100us      text3        0682
__end_of_main            maintext     06B4
__initialization         cinit        07FC
__pcstackBANK0           cstackBANK0  0020
__pcstackCOMMON          cstackCOMMON 0070
__pmaintext              maintext     0682
__ptext1                 text1        0732
__ptext2                 text2        0793
__ptext3                 text3        065C
__ptext4                 text4        06B4
__ptext5                 text5        06EE
__size_of_DEMLEN60       (abs)        0000
__size_of_DEMXUONG00     (abs)        0000
__size_of___lwdiv        (abs)        0000
__size_of___lwmod        (abs)        0000
__size_of_delay100us     (abs)        0000
__size_of_main           (abs)        0000
_delay100us              text3        065C
_main                    maintext     0682
_nRBPU                   (abs)        040F
btemp                    (abs)        007E
delay100us@n             cstackCOMMON 0070
end_of_initialization    cinit        07FC
intlevel0                functab      0000
intlevel1                functab      0000
intlevel2                functab      0000
intlevel3                functab      0000
intlevel4                functab      0000
intlevel5                functab      0000
reset_vec                reset_vec    0000
start                    init         0000
start_initialization     cinit        07FC
wtemp0                   (abs)        007E


MODULE INFORMATION

Module		Function		Class		Link	Load	Size
C:\Program Files\Microchip\xc8\v2.32\pic\sources\c90\common\lwmod.c
		___lwmod       		CODE           	06B4	0000	58

C:\Program Files\Microchip\xc8\v2.32\pic\sources\c90\common\lwmod.c estimated size: 58

shared
		__initialization		CODE           	07FC	0000	1

shared estimated size: 1

C:\Program Files\Microchip\xc8\v2.32\pic\sources\c90\common\lwdiv.c
		___lwdiv       		CODE           	06EE	0000	68

C:\Program Files\Microchip\xc8\v2.32\pic\sources\c90\common\lwdiv.c estimated size: 68

BAI_3.c
		_delay100us    		CODE           	065C	0000	38
		_main          		CODE           	0682	0000	50
		_DEMXUONG00    		CODE           	0732	0000	97
		_DEMLEN60      		CODE           	0793	0000	105

BAI_3.c estimated size: 290

